// Jest Snapshot v1, https://goo.gl/fbAQLP

exports[`Test of the component AddCategory should show the component successfully 1`] = `
<form
  onSubmit={[Function]}
>
  <input
    onChange={[Function]}
    type="text"
    value=""
  />
  <button
    type="submit"
  >
    Agregar
  </button>
</form>
`;
